2026-07-25 19:56:10                      [restDemo]                      [background-preinit]                      INFO                       o.h.validator.internal.util.Version                      - HV000001: Hibernate Validator 8.0.3.Final
2026-07-25 19:56:11                      [restDemo]                      [restartedMain]                      INFO                       com.restDemo.RestDemoApplication                      - Starting RestDemoApplication using Java 23.0.1 with PID 6540 (D:\Spring Boot\Spring boot Projects\restDemo\target\classes started by Zahir in D:\Spring Boot\Spring boot Projects\restDemo)
2026-07-25 19:56:11                      [restDemo]                      [restartedMain]                      INFO                       com.restDemo.RestDemoApplication                      - No active profile set, falling back to 1 default profile: "default"
2026-07-25 19:56:11                      [restDemo]                      [restartedMain]                      INFO                       o.s.b.d.e.DevToolsPropertyDefaultsPostProcessor                      - Devtools property defaults active! Set 'spring.devtools.add-properties' to 'false' to disable
2026-07-25 19:56:11                      [restDemo]                      [restartedMain]                      INFO                       o.s.b.d.e.DevToolsPropertyDefaultsPostProcessor                      - For additional web related logging consider setting the 'logging.level.web' property to 'DEBUG'
2026-07-25 19:56:13                      [restDemo]                      [restartedMain]                      INFO                       o.s.d.r.c.RepositoryConfigurationDelegate                      - Bootstrapping Spring Data JPA repositories in DEFAULT mode.
2026-07-25 19:56:13                      [restDemo]                      [restartedMain]                      INFO                       o.s.d.r.c.RepositoryConfigurationDelegate                      - Finished Spring Data repository scanning in 115 ms. Found 1 JPA repository interface.
2026-07-25 19:56:14                      [restDemo]                      [restartedMain]                      INFO                       o.s.b.w.e.tomcat.TomcatWebServer                      - Tomcat initialized with port 8001 (http)
2026-07-25 19:56:14                      [restDemo]                      [restartedMain]                      INFO                       o.a.coyote.http11.Http11NioProtocol                      - Initializing ProtocolHandler ["http-nio-8001"]
2026-07-25 19:56:14                      [restDemo]                      [restartedMain]                      INFO                       o.a.catalina.core.StandardService                      - Starting service [Tomcat]
2026-07-25 19:56:14                      [restDemo]                      [restartedMain]                      INFO                       o.a.catalina.core.StandardEngine                      - Starting Servlet engine: [Apache Tomcat/10.1.46]
2026-07-25 19:56:15                      [restDemo]                      [restartedMain]                      INFO                       o.a.c.c.C.[Tomcat].[localhost].[/]                      - Initializing Spring embedded WebApplicationContext
2026-07-25 19:56:15                      [restDemo]                      [restartedMain]                      INFO                       o.s.b.w.s.c.ServletWebServerApplicationContext                      - Root WebApplicationContext: initialization completed in 3812 ms
2026-07-25 19:56:15                      [restDemo]                      [restartedMain]                      INFO                       o.h.jpa.internal.util.LogHelper                      - HHH000204: Processing PersistenceUnitInfo [name: default]
2026-07-25 19:56:15                      [restDemo]                      [restartedMain]                      INFO                       org.hibernate.Version                      - HHH000412: Hibernate ORM core version 6.6.29.Final
2026-07-25 19:56:15                      [restDemo]                      [restartedMain]                      INFO                       o.h.c.i.RegionFactoryInitiator                      - HHH000026: Second-level cache disabled
2026-07-25 19:56:16                      [restDemo]                      [restartedMain]                      INFO                       o.s.o.j.p.SpringPersistenceUnitInfo                      - No LoadTimeWeaver setup: ignoring JPA class transformer
2026-07-25 19:56:16                      [restDemo]                      [restartedMain]                      INFO                       com.zaxxer.hikari.HikariDataSource                      - HikariPool-1 - Starting...
2026-07-25 19:56:16                      [restDemo]                      [restartedMain]                      INFO                       com.zaxxer.hikari.pool.HikariPool                      - HikariPool-1 - Added connection com.mysql.cj.jdbc.ConnectionImpl@60486ee5
2026-07-25 19:56:16                      [restDemo]                      [restartedMain]                      INFO                       com.zaxxer.hikari.HikariDataSource                      - HikariPool-1 - Start completed.
2026-07-25 19:56:16                      [restDemo]                      [restartedMain]                      WARN                       org.hibernate.orm.deprecation                      - HHH90000025: MySQLDialect does not need to be specified explicitly using 'hibernate.dialect' (remove the property setting and it will be selected by default)
2026-07-25 19:56:16                      [restDemo]                      [restartedMain]                      INFO                       o.hibernate.orm.connections.pooling                      - HHH10001005: Database info:
	Database JDBC URL [undefined/unknown]
	Database driver: undefined/unknown
	Database version: 8.0.34
	Autocommit mode: undefined/unknown
	Isolation level: undefined/unknown
	Minimum pool size: undefined/unknown
	Maximum pool size: undefined/unknown
2026-07-25 19:56:18                      [restDemo]                      [restartedMain]                      INFO                       o.h.e.t.j.p.i.JtaPlatformInitiator                      - HHH000489: No JTA platform available (set 'hibernate.transaction.jta.platform' to enable JTA platform integration)
2026-07-25 19:56:18                      [restDemo]                      [restartedMain]                      INFO                       o.s.o.j.LocalContainerEntityManagerFactoryBean                      - Initialized JPA EntityManagerFactory for persistence unit 'default'
2026-07-25 19:56:18                      [restDemo]                      [restartedMain]                      WARN                       o.s.b.w.s.c.AnnotationConfigServletWebServerApplicationContext                      - Exception encountered during context initialization - cancelling refresh attempt: org.springframework.beans.factory.UnsatisfiedDependencyException: Error creating bean with name 'userController' defined in file [D:\Spring Boot\Spring boot Projects\restDemo\target\classes\com\restDemo\controller\UserController.class]: Unsatisfied dependency expressed through constructor parameter 0: Error creating bean with name 'userService' defined in file [D:\Spring Boot\Spring boot Projects\restDemo\target\classes\com\restDemo\service\UserService.class]: Unsatisfied dependency expressed through constructor parameter 0: Error creating bean with name 'userRepositoryImpl' defined in file [D:\Spring Boot\Spring boot Projects\restDemo\target\classes\com\restDemo\repositoryImpl\UserRepositoryImpl.class]: Unsatisfied dependency expressed through constructor parameter 3: No qualifying bean of type 'com.restDemo.mapper.UserJdbiMapper' available: expected at least 1 bean which qualifies as autowire candidate. Dependency annotations: {}
2026-07-25 19:56:18                      [restDemo]                      [restartedMain]                      INFO                       o.s.o.j.LocalContainerEntityManagerFactoryBean                      - Closing JPA EntityManagerFactory for persistence unit 'default'
2026-07-25 19:56:18                      [restDemo]                      [restartedMain]                      INFO                       o.a.catalina.core.StandardService                      - Stopping service [Tomcat]
2026-07-25 19:56:18                      [restDemo]                      [restartedMain]                      INFO                       o.s.b.a.l.ConditionEvaluationReportLogger                      - 

Error starting ApplicationContext. To display the condition evaluation report re-run your application with 'debug' enabled.
2026-07-25 19:56:18                      [restDemo]                      [restartedMain]                      ERROR                      o.s.b.d.LoggingFailureAnalysisReporter                      - 

***************************
APPLICATION FAILED TO START
***************************

Description:

Parameter 3 of constructor in com.restDemo.repositoryImpl.UserRepositoryImpl required a bean of type 'com.restDemo.mapper.UserJdbiMapper' that could not be found.


Action:

Consider defining a bean of type 'com.restDemo.mapper.UserJdbiMapper' in your configuration.

2026-07-25 19:57:26                      [restDemo]                      [background-preinit]                      INFO                       o.h.validator.internal.util.Version                      - HV000001: Hibernate Validator 8.0.3.Final
2026-07-25 19:57:26                      [restDemo]                      [restartedMain]                      INFO                       com.restDemo.RestDemoApplication                      - Starting RestDemoApplication using Java 23.0.1 with PID 3944 (D:\Spring Boot\Spring boot Projects\restDemo\target\classes started by Zahir in D:\Spring Boot\Spring boot Projects\restDemo)
2026-07-25 19:57:26                      [restDemo]                      [restartedMain]                      INFO                       com.restDemo.RestDemoApplication                      - No active profile set, falling back to 1 default profile: "default"
2026-07-25 19:57:26                      [restDemo]                      [restartedMain]                      INFO                       o.s.b.d.e.DevToolsPropertyDefaultsPostProcessor                      - Devtools property defaults active! Set 'spring.devtools.add-properties' to 'false' to disable
2026-07-25 19:57:26                      [restDemo]                      [restartedMain]                      INFO                       o.s.b.d.e.DevToolsPropertyDefaultsPostProcessor                      - For additional web related logging consider setting the 'logging.level.web' property to 'DEBUG'
2026-07-25 19:57:28                      [restDemo]                      [restartedMain]                      INFO                       o.s.d.r.c.RepositoryConfigurationDelegate                      - Bootstrapping Spring Data JPA repositories in DEFAULT mode.
2026-07-25 19:57:28                      [restDemo]                      [restartedMain]                      INFO                       o.s.d.r.c.RepositoryConfigurationDelegate                      - Finished Spring Data repository scanning in 114 ms. Found 1 JPA repository interface.
2026-07-25 19:57:30                      [restDemo]                      [restartedMain]                      INFO                       o.s.b.w.e.tomcat.TomcatWebServer                      - Tomcat initialized with port 8001 (http)
2026-07-25 19:57:30                      [restDemo]                      [restartedMain]                      INFO                       o.a.coyote.http11.Http11NioProtocol                      - Initializing ProtocolHandler ["http-nio-8001"]
2026-07-25 19:57:30                      [restDemo]                      [restartedMain]                      INFO                       o.a.catalina.core.StandardService                      - Starting service [Tomcat]
2026-07-25 19:57:30                      [restDemo]                      [restartedMain]                      INFO                       o.a.catalina.core.StandardEngine                      - Starting Servlet engine: [Apache Tomcat/10.1.46]
2026-07-25 19:57:30                      [restDemo]                      [restartedMain]                      INFO                       o.a.c.c.C.[Tomcat].[localhost].[/]                      - Initializing Spring embedded WebApplicationContext
2026-07-25 19:57:30                      [restDemo]                      [restartedMain]                      INFO                       o.s.b.w.s.c.ServletWebServerApplicationContext                      - Root WebApplicationContext: initialization completed in 3458 ms
2026-07-25 19:57:30                      [restDemo]                      [restartedMain]                      INFO                       o.h.jpa.internal.util.LogHelper                      - HHH000204: Processing PersistenceUnitInfo [name: default]
2026-07-25 19:57:30                      [restDemo]                      [restartedMain]                      INFO                       org.hibernate.Version                      - HHH000412: Hibernate ORM core version 6.6.29.Final
2026-07-25 19:57:30                      [restDemo]                      [restartedMain]                      INFO                       o.h.c.i.RegionFactoryInitiator                      - HHH000026: Second-level cache disabled
2026-07-25 19:57:31                      [restDemo]                      [restartedMain]                      INFO                       o.s.o.j.p.SpringPersistenceUnitInfo                      - No LoadTimeWeaver setup: ignoring JPA class transformer
2026-07-25 19:57:31                      [restDemo]                      [restartedMain]                      INFO                       com.zaxxer.hikari.HikariDataSource                      - HikariPool-1 - Starting...
2026-07-25 19:57:31                      [restDemo]                      [restartedMain]                      INFO                       com.zaxxer.hikari.pool.HikariPool                      - HikariPool-1 - Added connection com.mysql.cj.jdbc.ConnectionImpl@121fe4cb
2026-07-25 19:57:31                      [restDemo]                      [restartedMain]                      INFO                       com.zaxxer.hikari.HikariDataSource                      - HikariPool-1 - Start completed.
2026-07-25 19:57:31                      [restDemo]                      [restartedMain]                      WARN                       org.hibernate.orm.deprecation                      - HHH90000025: MySQLDialect does not need to be specified explicitly using 'hibernate.dialect' (remove the property setting and it will be selected by default)
2026-07-25 19:57:31                      [restDemo]                      [restartedMain]                      INFO                       o.hibernate.orm.connections.pooling                      - HHH10001005: Database info:
	Database JDBC URL [undefined/unknown]
	Database driver: undefined/unknown
	Database version: 8.0.34
	Autocommit mode: undefined/unknown
	Isolation level: undefined/unknown
	Minimum pool size: undefined/unknown
	Maximum pool size: undefined/unknown
2026-07-25 19:57:33                      [restDemo]                      [restartedMain]                      INFO                       o.h.e.t.j.p.i.JtaPlatformInitiator                      - HHH000489: No JTA platform available (set 'hibernate.transaction.jta.platform' to enable JTA platform integration)
2026-07-25 19:57:33                      [restDemo]                      [restartedMain]                      INFO                       o.s.o.j.LocalContainerEntityManagerFactoryBean                      - Initialized JPA EntityManagerFactory for persistence unit 'default'
2026-07-25 19:57:34                      [restDemo]                      [restartedMain]                      WARN                       o.s.b.a.o.j.JpaBaseConfiguration$JpaWebConfiguration                      - spring.jpa.open-in-view is enabled by default. Therefore, database queries may be performed during view rendering. Explicitly configure spring.jpa.open-in-view to disable this warning
2026-07-25 19:57:35                      [restDemo]                      [restartedMain]                      WARN                       o.s.b.a.s.s.UserDetailsServiceAutoConfiguration                      - 

Using generated security password: 5a3fe35d-b2eb-4500-bd0a-57ae5773ddf1

This generated password is for development use only. Your security configuration must be updated before running your application in production.

2026-07-25 19:57:35                      [restDemo]                      [restartedMain]                      INFO                       o.s.s.c.a.a.c.InitializeUserDetailsBeanManagerConfigurer$InitializeUserDetailsManagerConfigurer                      - Global AuthenticationManager configured with UserDetailsService bean with name inMemoryUserDetailsManager
2026-07-25 19:57:35                      [restDemo]                      [restartedMain]                      INFO                       o.s.b.d.a.OptionalLiveReloadServer                      - LiveReload server is running on port 35729
2026-07-25 19:57:36                      [restDemo]                      [restartedMain]                      INFO                       o.a.coyote.http11.Http11NioProtocol                      - Starting ProtocolHandler ["http-nio-8001"]
2026-07-25 19:57:36                      [restDemo]                      [restartedMain]                      INFO                       o.s.b.w.e.tomcat.TomcatWebServer                      - Tomcat started on port 8001 (http) with context path '/'
2026-07-25 19:57:36                      [restDemo]                      [restartedMain]                      INFO                       com.restDemo.RestDemoApplication                      - Started RestDemoApplication in 10.396 seconds (process running for 11.173)
2026-07-25 19:58:19                      [restDemo]                      [http-nio-8001-exec-2]                      INFO                       o.a.c.c.C.[Tomcat].[localhost].[/]                      - Initializing Spring DispatcherServlet 'dispatcherServlet'
2026-07-25 19:58:19                      [restDemo]                      [http-nio-8001-exec-2]                      INFO                       o.s.web.servlet.DispatcherServlet                      - Initializing Servlet 'dispatcherServlet'
2026-07-25 19:58:19                      [restDemo]                      [http-nio-8001-exec-2]                      INFO                       o.s.web.servlet.DispatcherServlet                      - Completed initialization in 2 ms
2026-07-25 19:58:19                      [restDemo]                      [http-nio-8001-exec-2]                      INFO                       com.restDemo.service.UserService                      - ERROR WHILE GETTING
2026-07-25 19:58:58                      [restDemo]                      [SpringApplicationShutdownHook]                      INFO                       o.s.b.w.e.tomcat.GracefulShutdown                      - Commencing graceful shutdown. Waiting for active requests to complete
2026-07-25 19:58:58                      [restDemo]                      [tomcat-shutdown]                      INFO                       o.s.b.w.e.tomcat.GracefulShutdown                      - Graceful shutdown complete
2026-07-25 19:58:58                      [restDemo]                      [SpringApplicationShutdownHook]                      INFO                       o.s.o.j.LocalContainerEntityManagerFactoryBean                      - Closing JPA EntityManagerFactory for persistence unit 'default'
